// Jest Snapshot v1, https://goo.gl/fbAQLP

exports[`Order view tests Snapshot matches 1`] = `
ShallowWrapper {
  "length": 1,
  Symbol(enzyme.__root__): [Circular],
  Symbol(enzyme.__unrendered__): <OrderView
    book={
        Object {
            "name": "Book title",
          }
    }
/>,
  Symbol(enzyme.__renderer__): Object {
    "batchedUpdates": [Function],
    "getNode": [Function],
    "render": [Function],
    "simulateEvent": [Function],
    "unmount": [Function],
  },
  Symbol(enzyme.__node__): Object {
    "instance": null,
    "key": undefined,
    "nodeType": "host",
    "props": Object {
      "children": Array [
        <span>
          Book title
</span>,
        <button
          className="btn btn-danger"
          onClick={[Function]}
>
          Remove
</button>,
      ],
      "className": "orderView",
    },
    "ref": null,
    "rendered": Array [
      Object {
        "instance": null,
        "key": undefined,
        "nodeType": "host",
        "props": Object {
          "children": "Book title",
        },
        "ref": null,
        "rendered": "Book title",
        "type": "span",
      },
      Object {
        "instance": null,
        "key": undefined,
        "nodeType": "host",
        "props": Object {
          "children": "Remove",
          "className": "btn btn-danger",
          "onClick": [Function],
        },
        "ref": null,
        "rendered": "Remove",
        "type": "button",
      },
    ],
    "type": "div",
  },
  Symbol(enzyme.__nodes__): Array [
    Object {
      "instance": null,
      "key": undefined,
      "nodeType": "host",
      "props": Object {
        "children": Array [
          <span>
            Book title
</span>,
          <button
            className="btn btn-danger"
            onClick={[Function]}
>
            Remove
</button>,
        ],
        "className": "orderView",
      },
      "ref": null,
      "rendered": Array [
        Object {
          "instance": null,
          "key": undefined,
          "nodeType": "host",
          "props": Object {
            "children": "Book title",
          },
          "ref": null,
          "rendered": "Book title",
          "type": "span",
        },
        Object {
          "instance": null,
          "key": undefined,
          "nodeType": "host",
          "props": Object {
            "children": "Remove",
            "className": "btn btn-danger",
            "onClick": [Function],
          },
          "ref": null,
          "rendered": "Remove",
          "type": "button",
        },
      ],
      "type": "div",
    },
  ],
  Symbol(enzyme.__options__): Object {
    "adapter": ReactSixteenAdapter {
      "options": Object {
        "enableComponentDidUpdateOnSetState": true,
      },
    },
  },
}
`;
